<html>
<body>
<pre>
<h1>礦ision Build Log</h1>
<h2>Tool Versions:</h2>
IDE-Version: μVision V5.39.0.0
Copyright (C) 2023 ARM Ltd and ARM Germany GmbH. All rights reserved.
License Information: Q.S.G Guo, 123, LIC=ZB4EI-TVCPT-II85V-P8P28-RI7F3-QK5M9
 
Tool Versions:
Toolchain:       MDK-ARM Plus  Version: 5.39.0.0
Toolchain Path:  D:\Program Files\Keil_v5\ARM\ARMCC\Bin
C Compiler:      Armcc.exe V5.05 update 1 (build 106)
Assembler:       Armasm.exe V5.05 update 1 (build 106)
Linker/Locator:  ArmLink.exe V5.05 update 1 (build 106)
Library Manager: ArmAr.exe V5.05 update 1 (build 106)
Hex Converter:   FromElf.exe V5.05 update 1 (build 106)
CPU DLL:         SARMCM3.DLL V5.39.0.0
Dialog DLL:      DCM.DLL V1.17.5.0
Target DLL:      STLink\ST-LINKIII-KEIL_SWO.dll V3.2.0.0
Dialog DLL:      TCM.DLL V1.56.4.0
 
<h2>Project:</h2>
D:\Documents\Tencent Files\2523157618\FileRecv\嵌入式课程4.通信\G431RB(spi slave)\MDK-ARM\G431RB(spi slave).uvprojx
Project File Date:  07/11/2024

<h2>Output:</h2>
*** Using Compiler 'V5.05 update 1 (build 106)', folder: 'D:\Program Files\Keil_v5\ARM\ARMCC\Bin'
Build target 'G431RB(spi slave)'
assembling startup_stm32g431xx.s...
compiling stm32g4xx_it.c...
compiling stm32g4xx_hal_dma.c...
compiling spi.c...
compiling stm32g4xx_hal_gpio.c...
compiling gpio.c...
compiling stm32g4xx_hal_tim_ex.c...
compiling stm32g4xx_hal_flash_ramfunc.c...
compiling stm32g4xx_hal_uart_ex.c...
compiling stm32g4xx_hal_exti.c...
compiling main.c...
compiling stm32g4xx_hal.c...
compiling stm32g4xx_hal_msp.c...
compiling stm32g4xx_hal_tim.c...
compiling stm32g4xx_hal_pwr.c...
compiling stm32g4xx_hal_cortex.c...
compiling dma.c...
compiling stm32g4xx_hal_spi_ex.c...
compiling usart.c...
compiling stm32g4xx_hal_dma_ex.c...
compiling stm32g4xx_hal_uart.c...
compiling stm32g4xx_hal_spi.c...
compiling system_stm32g4xx.c...
compiling stm32g4xx_hal_rcc_ex.c...
compiling stm32g4xx_hal_flash.c...
compiling stm32g4xx_hal_flash_ex.c...
compiling stm32g4xx_hal_pwr_ex.c...
compiling stm32g4xx_hal_rcc.c...
linking...
Program Size: Code=8954 RO-data=570 RW-data=32 ZI-data=2072  
FromELF: creating hex file...
"G431RB(spi slave)\G431RB(spi slave).axf" - 0 Error(s), 0 Warning(s).

<h2>Software Packages used:</h2>

Package Vendor: ARM
                http://www.keil.com/pack/ARM.CMSIS.5.9.0.pack
                ARM::CMSIS@5.9.0
                CMSIS (Common Microcontroller Software Interface Standard)
   * Component: CORE Version: 5.6.0

Package Vendor: Keil
                https://www.keil.com/pack/Keil.STM32G4xx_DFP.1.5.0.pack
                Keil::STM32G4xx_DFP@1.5.0
                STMicroelectronics STM32G4 Series Device Support, Drivers and Examples

<h2>Collection of Component include folders:</h2>
  ./RTE/_G431RB_spi_slave_
  D:/Program Files/Keil_v5/ARM/Pack/ARM/CMSIS/5.9.0/CMSIS/Core/Include
  D:/Program Files/Keil_v5/ARM/Pack/Keil/STM32G4xx_DFP/1.5.0/Drivers/CMSIS/Device/ST/STM32G4xx/Include

<h2>Collection of Component Files used:</h2>

   * Component: ARM::CMSIS:CORE@5.6.0
      Include file:  CMSIS/Core/Include/tz_context.h
Build Time Elapsed:  00:00:06
</pre>
</body>
</html>
